
> web@0.1.0 build
> next build

Γû▓ Next.js 16.1.6 (Turbopack)
- Environments: .env.local, .env

  Creating an optimized production build ...
node.exe : Turbopack build encountered 
2 warnings:
At line:1 char:1
+ & "C:\Program Files\nodejs/node.exe" 
"C:\Program Files\nodejs/node_mo ...
+ ~~~~~~~~~~~~~~~~~~~~~~~~~~~~~~~~~~~~~~
~~~~~~~~~~~~~~~~~~~~~~~~~~~~~~~
    + CategoryInfo          : NotSpecif 
   ied: (Turbopack build encountered 2  
   warnings::String) [], RemoteExcept   
 ion
    + FullyQualifiedErrorId : NativeCom 
   mandError
 
./src/lib/billing/polar-webhook.ts:1:1
Ecmascript file had an error
[0m[31m[1m>[22m[39m[90m 1 |[39m 
[36mimport[39m { 
createHash[33m,[39m 
createHmac[33m,[39m timingSafeEqual } 
[36mfrom[39m 
[32m"node:crypto"[39m[33m;[39m
 [90m   |[39m [31m[1m^[22m[39m[31
m[1m^[22m[39m[31m[1m^[22m[39m[31
m[1m^[22m[39m[31m[1m^[22m[39m[31
m[1m^[22m[39m[31m[1m^[22m[39m[31
m[1m^[22m[39m[31m[1m^[22m[39m[31
m[1m^[22m[39m[31m[1m^[22m[39m[31
m[1m^[22m[39m[31m[1m^[22m[39m[31
m[1m^[22m[39m[31m[1m^[22m[39m[31
m[1m^[22m[39m[31m[1m^[22m[39m[31
m[1m^[22m[39m[31m[1m^[22m[39m[31
m[1m^[22m[39m[31m[1m^[22m[39m[31
m[1m^[22m[39m[31m[1m^[22m[39m[31
m[1m^[22m[39m[31m[1m^[22m[39m[31
m[1m^[22m[39m[31m[1m^[22m[39m[31
m[1m^[22m[39m[31m[1m^[22m[39m[31
m[1m^[22m[39m[31m[1m^[22m[39m[31
m[1m^[22m[39m[31m[1m^[22m[39m[31
m[1m^[22m[39m[31m[1m^[22m[39m[31
m[1m^[22m[39m[31m[1m^[22m[39m[31
m[1m^[22m[39m[31m[1m^[22m[39m[31
m[1m^[22m[39m[31m[1m^[22m[39m[31
m[1m^[22m[39m[31m[1m^[22m[39m[31
m[1m^[22m[39m[31m[1m^[22m[39m[31
m[1m^[22m[39m[31m[1m^[22m[39m[31
m[1m^[22m[39m[31m[1m^[22m[39m[31
m[1m^[22m[39m[31m[1m^[22m[39m[31
m[1m^[22m[39m[31m[1m^[22m[39m[31
m[1m^[22m[39m[31m[1m^[22m[39m[31
m[1m^[22m[39m[31m[1m^[22m[39m[31
m[1m^[22m[39m[31m[1m^[22m[39m[31
m[1m^[22m[39m[31m[1m^[22m[39m[31
m[1m^[22m[39m[31m[1m^[22m[39m[31
m[1m^[22m[39m[31m[1m^[22m[39m[31
m[1m^[22m[39m[31m[1m^[22m[39m[31
m[1m^[22m[39m[31m[1m^[22m[39m[31
m[1m^[22m[39m
 [90m 2 |[39m
 [90m 3 |[39m type 
[33mAdminSupabase[39m [33m=[39m [33
mReturnType[39m[33m<[39m[36mtypeof[
39m [36mimport[39m([32m"@/lib/supabas
e/admin"[39m)[33m.[39mcreateAdminClie
nt[33m>[39m[33m;[39m
 [90m 4 |[39m[0m

A Node.js module is loaded 
('node:crypto' at line 1) which is not 
supported in the Edge Runtime.
Learn More: https://nextjs.org/docs/mess
ages/node-module-in-edge-runtime

Import trace:
  Edge App Route:
    ./src/lib/billing/polar-webhook.ts
    ./app/api/webhook/polar/route.ts


./src/lib/mailbox/webhook.ts:1:1
Ecmascript file had an error
[0m[31m[1m>[22m[39m[90m 1 |[39m 
[36mimport[39m { 
createHmac[33m,[39m timingSafeEqual } 
[36mfrom[39m 
[32m"node:crypto"[39m[33m;[39m
 [90m   |[39m [31m[1m^[22m[39m[31
m[1m^[22m[39m[31m[1m^[22m[39m[31
m[1m^[22m[39m[31m[1m^[22m[39m[31
m[1m^[22m[39m[31m[1m^[22m[39m[31
m[1m^[22m[39m[31m[1m^[22m[39m[31
m[1m^[22m[39m[31m[1m^[22m[39m[31
m[1m^[22m[39m[31m[1m^[22m[39m[31
m[1m^[22m[39m[31m[1m^[22m[39m[31
m[1m^[22m[39m[31m[1m^[22m[39m[31
m[1m^[22m[39m[31m[1m^[22m[39m[31
m[1m^[22m[39m[31m[1m^[22m[39m[31
m[1m^[22m[39m[31m[1m^[22m[39m[31
m[1m^[22m[39m[31m[1m^[22m[39m[31
m[1m^[22m[39m[31m[1m^[22m[39m[31
m[1m^[22m[39m[31m[1m^[22m[39m[31
m[1m^[22m[39m[31m[1m^[22m[39m[31
m[1m^[22m[39m[31m[1m^[22m[39m[31
m[1m^[22m[39m[31m[1m^[22m[39m[31
m[1m^[22m[39m[31m[1m^[22m[39m[31
m[1m^[22m[39m[31m[1m^[22m[39m[31
m[1m^[22m[39m[31m[1m^[22m[39m[31
m[1m^[22m[39m[31m[1m^[22m[39m[31
m[1m^[22m[39m[31m[1m^[22m[39m[31
m[1m^[22m[39m[31m[1m^[22m[39m[31
m[1m^[22m[39m[31m[1m^[22m[39m[31
m[1m^[22m[39m[31m[1m^[22m[39m[31
m[1m^[22m[39m[31m[1m^[22m[39m[31
m[1m^[22m[39m[31m[1m^[22m[39m[31
m[1m^[22m[39m[31m[1m^[22m[39m[31
m[1m^[22m[39m
 [90m 2 |[39m [36mimport[39m { z } 
[36mfrom[39m 
[32m"zod"[39m[33m;[39m
 [90m 3 |[39m
 [90m 4 |[39m [36mconst[39m 
mailboxEventSchema [33m=[39m 
z[33m.[39mobject({[0m

A Node.js module is loaded 
('node:crypto' at line 1) which is not 
supported in the Edge Runtime.
Learn More: https://nextjs.org/docs/mess
ages/node-module-in-edge-runtime

Import trace:
  Edge App Route:
    ./src/lib/mailbox/webhook.ts
    ./app/api/webhook/mailbox/route.ts


Γ£ô Compiled successfully in 3.1s
  Running TypeScript ...
  Collecting page data using 15 workers ...
ΓÜá Using edge runtime on a page 
currently disables static generation 
for that page
Error: Failed to load external module 
node:crypto: TypeError: Native module 
not found: node:crypto
    at <unknown> (C:\Users\Hitesh G S\De
sktop\councilflow\apps\web\.next\server\
edge\chunks\[root-of-the-server]__23974b
ae._.js:2:953)

> Build error occurred
Error: Failed to collect page data for 
/api/webhook/mailbox
    at ignore-listed frames {
  type: 'Error'
}
